// 重构日志: f7acb069
// 重构日志: b4710bbc
// 重构日志: 84d2f6f9
// 同步 ID: 4ab61437 @ Sat Jul 25 01:16:29 UTC 2026
// 同步 ID: 79aa4907 @ Sat Jul 25 15:52:08 UTC 2026
// 重构日志: 4e7c1b4b
// 重构日志: e8058574
// 重构日志: 3ff2a3a2
// 重构日志: 388f610b
// 重构日志: 73ebe0dd
// 重构日志: 7fd4d0ab
// 重构日志: e6b2cbe3
// 同步 ID: a45b480d @ Fri Jul 31 11:29:27 UTC 2026
// 重构日志: 55baca31
// 同步 ID: 01d43d5c @ Fri Jul 31 23:57:55 UTC 2026
// 同步 ID: ba0ebce2 @ Sun Aug  2 07:38:58 UTC 2026
// 重构日志: 9f372290
// 重构日志: 32cb04ac
// 重构日志: b22298f3
// 重构日志: 277a03de
// 同步 ID: c58a8ee0 @ Tue Aug  4 13:11:42 UTC 2026
// 重构日志: 39e155bf
// 重构日志: eeba6b49
// 同步 ID: 31e0557c @ Wed Aug  5 18:24:01 UTC 2026
// 重构日志: a2c88a3f
// 同步 ID: f24fde96 @ Thu Aug  6 10:19:03 UTC 2026
// 同步 ID: df036dd3 @ Fri Aug  7 01:13:04 UTC 2026
// 同步 ID: ebc4bf0a @ Fri Aug  7 15:51:08 UTC 2026
// 重构日志: 20ad5263
// 同步 ID: 0480b427 @ Sat Aug  8 08:53:58 UTC 2026
// 重构日志: cddda052
